C:\Users\Gabriel\.gemini\antigravity\scratch\prueba_carga\node_modules\@oclif\core\lib\parser\validate.js:46
            throw new errors_1.RequiredArgsError({
                  ^

RequiredArgsError: Missing 1 required arg:
script

Note: --input, --platform-opt allow multiple values. Because of this you need to provide all arguments before providing those flags.
Alternatively, you can use "--" to signify the end of the flags and the beginning of arguments.
See more help with --help
    at validateArgs (C:\Users\Gabriel\.gemini\antigravity\scratch\prueba_carga\node_modules\@oclif\core\lib\parser\validate.js:46:19)
    at validate (C:\Users\Gabriel\.gemini\antigravity\scratch\prueba_carga\node_modules\@oclif\core\lib\parser\validate.js:234:5)
    at Object.parse (C:\Users\Gabriel\.gemini\antigravity\scratch\prueba_carga\node_modules\@oclif\core\lib\parser\index.js:22:35)
    at process.processTicksAndRejections (node:internal/process/task_queues:105:5)
    at async RunCommand.parse (C:\Users\Gabriel\.gemini\antigravity\scratch\prueba_carga\node_modules\@oclif\core\lib\command.js:280:25)
    at async RunCommand.run (C:\Users\Gabriel\.gemini\antigravity\scratch\prueba_carga\node_modules\artillery\lib\cmds\run.js:35:35)
    at async RunCommand._run (C:\Users\Gabriel\.gemini\antigravity\scratch\prueba_carga\node_modules\@oclif\core\lib\command.js:182:22)
    at async Config.runCommand (C:\Users\Gabriel\.gemini\antigravity\scratch\prueba_carga\node_modules\@oclif\core\lib\config\config.js:456:25)
    at async Object.run (C:\Users\Gabriel\.gemini\antigravity\scratch\prueba_carga\node_modules\@oclif\core\lib\main.js:97:16) {
  code: undefined,
  oclif: { exit: 2 },
  skipOclifErrorHandling: undefined,
  suggestions: undefined,
  parse: {
    input: {
      '--': undefined,
      args: {
        script: {
          parse: [AsyncFunction: parse],
          name: 'script',
          required: true,
          input: [],
          type: 'option'
        }
      },
      argv: [ '--config', 'artillery.yml', '--environment', 'smoke' ],
      context: RunCommand {
        argv: [ '--config', 'artillery.yml', '--environment', 'smoke' ],
        config: Config {
          options: {
            root: 'C:\\Users\\Gabriel\\.gemini\\antigravity\\scratch\\prueba_carga\\node_modules\\artillery\\bin\\run'
          },
          arch: 'x64',
          bin: 'artillery',
          binAliases: undefined,
          binPath: undefined,
          cacheDir: 'C:\\Users\\Gabriel\\AppData\\Local\\artillery',
          channel: 'stable',
          configDir: 'C:\\Users\\Gabriel\\AppData\\Local\\artillery',
          dataDir: 'C:\\Users\\Gabriel\\AppData\\Local\\artillery',
          dirname: 'artillery',
          flexibleTaxonomy: false,
          home: 'C:\\Users\\Gabriel',
          isSingleCommandCLI: false,
          name: 'artillery',
          npmRegistry: undefined,
          nsisCustomization: undefined,
          pjson: {
            name: 'artillery',
            version: '2.0.29',
            description: 'Cloud-scale load testing. https://www.artillery.io',
            types: './types.d.ts',
            exports: [Object],
            engines: [Object],
            files: [Array],
            oclif: [Object],
            scripts: [Object],
            tap: [Object],
            'lint-staged': [Object],
            keywords: [Array],
            author: 'Hassy Veldstra <h@veldstra.org>',
            contributors: [Array],
            license: 'MPL-2.0',
            preferGlobal: true,
            man: './man/artillery.1',
            bin: [Object],
            repository: [Object],
            bugs: [Object],
            dependencies: [Object],
            devDependencies: [Object]
          },
          platform: 'win32',
          plugins: Map(3) {
            'artillery' => [Plugin],
            '@oclif/plugin-not-found' => [Plugin],
            '@oclif/plugin-help' => [Plugin]
          },
          root: 'C:\\Users\\Gabriel\\.gemini\\antigravity\\scratch\\prueba_carga\\node_modules\\artillery',
          shell: 'cmd.exe',
          theme: undefined,
          topicSeparator: ':',
          updateConfig: { s3: [Object], node: {} },
          userAgent: 'artillery/2.0.29 win32-x64 node-v24.0.1',
          userPJSON: undefined,
          valid: true,
          version: '2.0.29',
          warned: false,
          windows: true,
          _base: '@oclif/core@4.8.0',
          _commandIDs: undefined,
          _commands: Map(13) {
            'dino' => [Object],
            'quick' => [Object],
            'report' => [Object],
            'run' => [Object],
            'run-aci' => [Object],
            'run:aci' => [Object],
            'run-fargate' => [Object],
            'run:fargate' => [Object],
            'run:ecs' => [Object],
            'run-ecs' => [Object],
            'run-lambda' => [Object],
            'run:lambda' => [Object],
            'help' => [Object]
          },
          _topics: Map(10) {
            'aws' => [Object],
            'pro' => [Object],
            'dino' => [Object],
            'quick' => [Object],
            'report' => [Object],
            'run' => [Object],
            'run-aci' => [Object],
            'run-fargate' => [Object],
            'run-lambda' => [Object],
            'help' => [Object]
          },
          commandPermutations: Permutations(13) [Map] {
            'dino' => [Set],
            'quick' => [Set],
            'report' => [Set],
            'run' => [Set],
            'run-aci' => [Set],
            'run:aci' => [Set],
            'run-fargate' => [Set],
            'run:fargate' => [Set],
            'run:ecs' => [Set],
            'run-ecs' => [Set],
            'run-lambda' => [Set],
            'run:lambda' => [Set],
            'help' => [Set],
            validPermutations: [Map]
          },
          pluginLoader: PluginLoader {
            options: [Object],
            errors: [],
            plugins: [Map],
            pluginsProvided: false
          },
          rootPlugin: Plugin {
            options: [Object],
            _base: '@oclif/core@4.8.0',
            _debug: [Function (anonymous)],
            alias: 'artillery',
            alreadyLoaded: false,
            children: [],
            commandIDs: [Array],
            commands: [Array],
            commandsDir: 'C:\\Users\\Gabriel\\.gemini\\antigravity\\scratch\\prueba_carga\\node_modules\\artillery\\lib\\cmds',
            hasManifest: false,
            hooks: [Object],
            isRoot: true,
            manifest: [Object],
            moduleType: 'commonjs',
            name: 'artillery',
            parent: undefined,
            pjson: [Object],
            root: 'C:\\Users\\Gabriel\\.gemini\\antigravity\\scratch\\prueba_carga\\node_modules\\artillery',
            tag: undefined,
            type: 'core',
            valid: true,
            version: '2.0.29',
            commandCache: undefined,
            commandDiscoveryOpts: [Object],
            flexibleTaxonomy: false
          },
          topicPermutations: Permutations(2) [Map] {
            'aws' => [Set],
            'pro' => [Set],
            validPermutations: [Map]
          }
        },
        debug: [Function (anonymous)],
        id: 'run',
        parsed: false,
        token: undefined
      },
      flags: {
        target: {
          parse: [AsyncFunction: parse],
          char: 't',
          description: 'Set target endpoint. Overrides the target already set in the test script',
          input: [],
          multiple: false,
          type: 'option',
          name: 'target'
        },
        config: {
          parse: [AsyncFunction: parse],
          char: 'c',
          description: 'Read configuration for the test from the specified file',
          input: [],
          multiple: false,
          type: 'option',
          name: 'config'
        },
        environment: {
          parse: [AsyncFunction: parse],
          char: 'e',
          description: 'Use one of the environments specified in config.environments',
          input: [],
          multiple: false,
          type: 'option',
          name: 'environment'
        },
        'scenario-name': {
          parse: [AsyncFunction: parse],
          description: 'Name of the specific scenario to run',
          input: [],
          multiple: false,
          type: 'option',
          name: 'scenario-name'
        },
        output: {
          parse: [AsyncFunction: parse],
          char: 'o',
          description: 'Write a JSON report to file',
          input: [],
          multiple: false,
          type: 'option',
          name: 'output'
        },
        dotenv: {
          parse: [AsyncFunction: parse],
          description: 'Path to a dotenv file to load environment variables from',
          aliases: [ 'env-file' ],
          input: [],
          multiple: false,
          type: 'option',
          name: 'dotenv'
        },
        variables: {
          parse: [AsyncFunction: parse],
          char: 'v',
          description: 'Set variables available to vusers during the test; a JSON object',
          input: [],
          multiple: false,
          type: 'option',
          name: 'variables'
        },
        overrides: {
          parse: [AsyncFunction: parse],
          description: 'Dynamically override values in the test script; a JSON object',
          input: [],
          multiple: false,
          type: 'option',
          name: 'overrides'
        },
        insecure: {
          parse: [AsyncFunction: parse],
          char: 'k',
          description: 'Allow insecure TLS connections; do not use in production',
          allowNo: false,
          type: 'boolean',
          name: 'insecure'
        },
        quiet: {
          parse: [AsyncFunction: parse],
          char: 'q',
          description: 'Quiet mode',
          allowNo: false,
          type: 'boolean',
          name: 'quiet'
        },
        input: {
          parse: [AsyncFunction: parse],
          char: 'i',
          description: 'Input script file',
          multiple: true,
          hidden: true,
          input: [],
          type: 'option',
          name: 'input'
        },
        name: {
          parse: [AsyncFunction: parse],
          description: 'Name of the test run. This name will be shown in the Artillery Cloud dashboard. Equivalent to setting a "name" tag.',
          input: [],
          multiple: false,
          type: 'option',
          name: 'name'
        },
        tags: {
          parse: [AsyncFunction: parse],
          description: 'Comma-separated list of tags in key:value format to tag the test run with in Artillery Cloud, for example: --tags team:sqa,service:foo',
          input: [],
          multiple: false,
          type: 'option',
          name: 'tags'
        },
        note: {
          parse: [AsyncFunction: parse],
          description: 'Add a note/annotation to the test run',
          input: [],
          multiple: false,
          type: 'option',
          name: 'note'
        },
        record: {
          parse: [AsyncFunction: parse],
          description: 'Record test run to Artillery Cloud',
          allowNo: false,
          type: 'boolean',
          name: 'record'
        },
        key: {
          parse: [AsyncFunction: parse],
          description: 'API key for Artillery Cloud',
          input: [],
          multiple: false,
          type: 'option',
          name: 'key'
        },
        payload: {
          parse: [AsyncFunction: parse],
          char: 'p',
          description: 'Specify a CSV file for dynamic data',
          input: [],
          multiple: false,
          type: 'option',
          name: 'payload'
        },
        solo: {
          parse: [AsyncFunction: parse],
          char: 's',
          description: 'Create only one virtual user',
          allowNo: false,
          type: 'boolean',
          name: 'solo'
        },
        platform: {
          parse: [AsyncFunction: parse],
          description: 'Runtime platform',
          default: 'local',
          options: [ 'local', 'aws:lambda', 'az:aci' ],
          input: [],
          multiple: false,
          type: 'option',
          name: 'platform'
        },
        'platform-opt': {
          parse: [AsyncFunction: parse],
          description: 'Set a platform-specific option, e.g. --platform-opt region=eu-west-1 for AWS Lambda',
          multiple: true,
          input: [],
          type: 'option',
          name: 'platform-opt'
        },
        count: {
          parse: [AsyncFunction: parse],
          default: '1',
          input: [],
          multiple: false,
          type: 'option',
          name: 'count'
        }
      },
      strict: false
    },
    output: {
      args: {},
      argv: [],
      flags: {
        config: 'artillery.yml',
        environment: 'smoke',
        platform: 'local',
        count: '1'
      },
      metadata: {
        flags: {
          insecure: { setFromDefault: true },
          quiet: { setFromDefault: true },
          record: { setFromDefault: true },
          solo: { setFromDefault: true },
          platform: { setFromDefault: true },
          count: { setFromDefault: true }
        }
      },
      nonExistentFlags: [],
      raw: [
        { flag: 'config', input: 'artillery.yml', type: 'flag' },
        { flag: 'environment', input: 'smoke', type: 'flag' }
      ]
    }
  },
  showHelp: true,
  args: [
    {
      parse: [AsyncFunction: parse],
      name: 'script',
      required: true,
      input: [],
      type: 'option'
    }
  ]
}

Node.js v24.0.1
